// Jest Snapshot v1, https://goo.gl/fbAQLP

exports[` 1`] = `
Array [
  "_id",
  "accountStatus",
  "emailAddress",
  "followersCount",
  "followingCount",
  "ratingsTotal",
  "reviewsCount",
  "sharedCount",
  "tokens",
  "types",
  "username",
]
`;

exports[` 2`] = `
Array [
  "_id",
  "accountStatus",
  "emailAddress",
  "followersCount",
  "followingCount",
  "ratingsTotal",
  "reviewsCount",
  "sharedCount",
  "tokens",
  "types",
  "username",
]
`;

exports[` 3`] = `
Array [
  "_id",
  "accountStatus",
  "emailAddress",
  "followersCount",
  "followingCount",
  "ratingsTotal",
  "reviewsCount",
  "sharedCount",
  "tokens",
  "types",
  "username",
]
`;

exports[` 4`] = `
Array [
  "_id",
  "accountStatus",
  "emailAddress",
  "followersCount",
  "followingCount",
  "ratingsTotal",
  "reviewsCount",
  "sharedCount",
  "tokens",
  "types",
  "username",
]
`;

exports[`## Feed APIs # GET /api/feed/flat should not get my feed if i am not authenticated 1`] = `
Array [
  "_id",
  "accountStatus",
  "emailAddress",
  "followersCount",
  "followingCount",
  "ratingsTotal",
  "reviewsCount",
  "sharedCount",
  "tokens",
  "types",
  "username",
]
`;

exports[`## Feed APIs # GET /api/feed/flat should not get my feed if i am not authenticated 2`] = `
Array [
  "_id",
  "accountStatus",
  "emailAddress",
  "followersCount",
  "followingCount",
  "ratingsTotal",
  "reviewsCount",
  "sharedCount",
  "tokens",
  "types",
  "username",
]
`;
